[28Sep2026 11:40:41.714] [main/INFO] [cpw.mods.modlauncher.Launcher/MODLAUNCHER]: ModLauncher running: args [--launchTarget, forgeclientdev, --version, 21.1.234, --assetIndex, 17, --assetsDir, C:\\Users\\owenp\\.gradle\\caches\\neoformruntime\\assets, --gameDir, ., --fml.fmlVersion, 4.0.42, --fml.mcVersion, 1.21.1, --fml.neoForgeVersion, 21.1.234, --fml.neoFormVersion, 20240808.144430]
[28Sep2026 11:40:41.717] [main/INFO] [cpw.mods.modlauncher.Launcher/MODLAUNCHER]: JVM identified as Microsoft OpenJDK 64-Bit Server VM 21.0.10+7-LTS
[28Sep2026 11:40:41.718] [main/INFO] [cpw.mods.modlauncher.Launcher/MODLAUNCHER]: ModLauncher 11.0.5+main.901c6ea8 starting: java version 21.0.10 by Microsoft; OS Windows 11 arch amd64 version 10.0
[28Sep2026 11:40:41.821] [main/INFO] [net.neoforged.fml.loading.ImmediateWindowHandler/]: Loading ImmediateWindowProvider fmlearlywindow
[28Sep2026 11:40:41.903] [main/INFO] [EARLYDISPLAY/]: Trying GL version 4.6
[28Sep2026 11:40:41.988] [main/INFO] [EARLYDISPLAY/]: Requested GL version 4.6 got version 4.6
[28Sep2026 11:40:42.082] [main/INFO] [mixin/]: SpongePowered MIXIN Subsystem Version=0.8.7 Source=union:/C:/Users/owenp/.gradle/caches/modules-2/files-2.1/net.fabricmc/sponge-mixin/0.15.2+mixin.0.8.7/2af2f021d8e02a0220dc27a7a72b4666d66d44ca/sponge-mixin-0.15.2+mixin.0.8.7.jar%23138!/ Service=ModLauncher Env=CLIENT
[28Sep2026 11:40:42.161] [pool-2-thread-1/INFO] [EARLYDISPLAY/]: GL info: AMD Radeon RX 7900 XT GL version 4.6.0 Core Profile Context 26.3.1.260303, ATI Technologies Inc.
[28Sep2026 11:40:42.331] [main/INFO] [net.neoforged.fml.loading.moddiscovery.locators.JarInJarDependencyLocator/]: Found 3 dependencies adding them to mods collection
[28Sep2026 11:40:42.332] [main/INFO] [net.neoforged.fml.loading.moddiscovery.ModDiscoverer/]: 
     Mod List:
		Name Version (Mod Id)

		Minecraft 1.21.1 (minecraft)
		NeoForge 21.1.234 (neoforge)
		Owies Airport Pack Neoforge 0.3 (owies_airport_pack_neoforge)
		WorldEdit 7.3.8+6939-7d32b45 (worldedit)
		Xaero's Minimap 26.5.0 (xaerominimap)
		Xaero's World Map 1.46.0 (xaeroworldmap)
		XaeroLib 1.7.3 (xaerolib)
[28Sep2026 11:40:42.491] [main/INFO] [net.neoforged.fml.loading.FMLServiceProvider/CORE]: Loading coremod script-engine for [xaerominimap, xaeroworldmap]
[28Sep2026 11:40:43.550] [main/INFO] [mixin/]: Compatibility level set to JAVA_17
[28Sep2026 11:40:43.555] [main/INFO] [mixin/]: Compatibility level set to JAVA_21
[28Sep2026 11:40:43.563] [main/INFO] [cpw.mods.modlauncher.LaunchServiceHandler/MODLAUNCHER]: Launching target 'forgeclientdev' with arguments [--version, 21.1.234, --gameDir, ., --assetsDir, C:\Users\owenp\.gradle\caches\neoformruntime\assets, --assetIndex, 17]
[28Sep2026 11:40:43.619] [main/WARN] [mixin/]: Reference map 'xaerolib.refmap.json' for xaerolib.mixins.json could not be read. If this is a development environment you can ignore this message
[28Sep2026 11:40:43.620] [main/WARN] [mixin/]: Reference map 'worldedit-neoforge.mixins.refmap.json' for worldedit-neoforge.mixins.json could not be read. If this is a development environment you can ignore this message
[28Sep2026 11:40:43.620] [main/WARN] [mixin/]: Reference map 'xaerominimap.refmap.json' for xaerohud.mixins.json could not be read. If this is a development environment you can ignore this message
[28Sep2026 11:40:43.621] [main/WARN] [mixin/]: Reference map 'xaerominimap.refmap.json' for xaerominimap.mixins.json could not be read. If this is a development environment you can ignore this message
[28Sep2026 11:40:43.621] [main/WARN] [mixin/]: Reference map 'xaeroworldmap.refmap.json' for xaeroworldmap.mixins.json could not be read. If this is a development environment you can ignore this message
[28Sep2026 11:40:43.888] [main/INFO] [MixinExtras|Service/]: Initializing MixinExtras via com.llamalad7.mixinextras.service.MixinExtrasServiceImpl(version=0.5.3).
[28Sep2026 11:40:44.987] [Datafixer Bootstrap/INFO] [com.mojang.datafixers.DataFixerBuilder/]: 229 Datafixer optimizations took 217 milliseconds
[28Sep2026 11:40:45.058] [main/WARN] [oshi.driver.windows.perfmon.PerfmonDisabled/]: Invalid registry value type detected for PerfOS counters. Should be REG_DWORD. Ignoring: HKEY_LOCAL_MACHINE\SYSTEM\CurrentControlSet\Services\PerfOS\Performance\Disable Performance Counters.
[28Sep2026 11:40:48.482] [main/WARN] [net.minecraft.commands.Commands/]: Ambiguity between arguments [teleport, location] and [teleport, destination] with inputs: [0.1 -0.5 .9, 0 0 0]
[28Sep2026 11:40:48.482] [main/WARN] [net.minecraft.commands.Commands/]: Ambiguity between arguments [teleport, location] and [teleport, targets] with inputs: [0.1 -0.5 .9, 0 0 0]
[28Sep2026 11:40:48.484] [main/WARN] [net.minecraft.commands.Commands/]: Ambiguity between arguments [teleport, destination] and [teleport, targets] with inputs: [Player, 0123, @e, dd12be42-52a9-4a91-a8a1-11c01849e498]
[28Sep2026 11:40:48.484] [main/WARN] [net.minecraft.commands.Commands/]: Ambiguity between arguments [teleport, targets] and [teleport, destination] with inputs: [Player, 0123, dd12be42-52a9-4a91-a8a1-11c01849e498]
[28Sep2026 11:40:48.485] [main/WARN] [net.minecraft.commands.Commands/]: Ambiguity between arguments [teleport, targets, location] and [teleport, targets, destination] with inputs: [0.1 -0.5 .9, 0 0 0]
[28Sep2026 11:40:48.570] [Render thread/WARN] [net.minecraft.server.packs.VanillaPackResourcesBuilder/]: Assets URL 'union:/C:/Users/owenp/dev/projects/Minecraft%20mods/Owies%20Airport%20Pack/Owies%20Airport%20Pack%20Neoforge/build/moddev/artifacts/neoforge-21.1.234.jar%23192!/assets/.mcassetsroot' uses unexpected schema
[28Sep2026 11:40:48.571] [Render thread/WARN] [net.minecraft.server.packs.VanillaPackResourcesBuilder/]: Assets URL 'union:/C:/Users/owenp/dev/projects/Minecraft%20mods/Owies%20Airport%20Pack/Owies%20Airport%20Pack%20Neoforge/build/moddev/artifacts/neoforge-21.1.234.jar%23192!/data/.mcassetsroot' uses unexpected schema
[28Sep2026 11:40:48.594] [Render thread/INFO] [com.mojang.authlib.yggdrasil.YggdrasilAuthenticationService/]: Environment: Environment[sessionHost=https://sessionserver.mojang.com, servicesHost=https://api.minecraftservices.com, name=PROD]
[28Sep2026 11:40:48.600] [Render thread/INFO] [net.minecraft.client.Minecraft/]: Setting user: Dev
[28Sep2026 11:40:48.724] [Render thread/INFO] [net.minecraft.client.Minecraft/]: Backend library: LWJGL version 3.3.3+5
[28Sep2026 11:40:48.967] [modloading-worker-0/INFO] [net.neoforged.neoforge.common.NeoForgeMod/NEOFORGE-MOD]: NeoForge mod loading, version 21.1.234, for MC 1.21.1
[28Sep2026 11:40:48.973] [modloading-worker-0/INFO] [xaero.hud.minimap.MinimapLogs/]: Xaero's Minimap: World Map found!
[28Sep2026 11:40:48.973] [modloading-worker-0/INFO] [xaero.hud.minimap.MinimapLogs/]: No Optifine!
[28Sep2026 11:40:48.973] [modloading-worker-0/INFO] [xaero.hud.minimap.MinimapLogs/]: Xaero's Minimap: No Vivecraft!
[28Sep2026 11:40:49.019] [modloading-worker-0/INFO] [xaero.lib.XaeroLib/]: Registering common data for channel xaerolib:main!
[28Sep2026 11:40:49.025] [modloading-worker-0/INFO] [xaero.lib.XaeroLib/]: Registering client data for channel xaerolib:main!
[28Sep2026 11:40:49.029] [modloading-worker-0/INFO] [xaero.lib.XaeroLib/]: Loading primary common config for channel xaerolib:main!
[28Sep2026 11:40:49.033] [modloading-worker-0/INFO] [xaero.lib.XaeroLib/]: Loading server config profiles for channel xaerolib:main!
[28Sep2026 11:40:49.037] [modloading-worker-0/INFO] [xaero.lib.XaeroLib/]: Loading primary client config for channel xaerolib:main!
[28Sep2026 11:40:49.039] [modloading-worker-0/INFO] [xaero.lib.XaeroLib/]: Loading client config profiles for channel xaerolib:main!
[28Sep2026 11:40:49.042] [modloading-worker-0/INFO] [xaero.common.HudMod/]: Registering common data for channel xaerominimap:main!
[28Sep2026 11:40:49.070] [modloading-worker-0/INFO] [xaero.common.HudMod/]: Registering client data for channel xaerominimap:main!
[28Sep2026 11:40:49.077] [modloading-worker-0/INFO] [xaero.common.HudMod/]: Loading primary common config for channel xaerominimap:main!
[28Sep2026 11:40:49.080] [modloading-worker-0/INFO] [xaero.common.HudMod/]: Loading server config profiles for channel xaerominimap:main!
[28Sep2026 11:40:49.082] [modloading-worker-0/INFO] [xaero.common.HudMod/]: Loading primary client config for channel xaerominimap:main!
[28Sep2026 11:40:49.083] [modloading-worker-0/INFO] [xaero.common.HudMod/]: Loading client config profiles for channel xaerominimap:main!
[28Sep2026 11:40:49.088] [modloading-worker-0/INFO] [xaero.map.WorldMap/]: Registering common data for channel xaeroworldmap:main!
[28Sep2026 11:40:49.091] [modloading-worker-0/INFO] [xaero.map.WorldMap/]: Registering client data for channel xaeroworldmap:main!
[28Sep2026 11:40:49.096] [modloading-worker-0/INFO] [xaero.map.WorldMap/]: Loading primary common config for channel xaeroworldmap:main!
[28Sep2026 11:40:49.098] [modloading-worker-0/INFO] [xaero.map.WorldMap/]: Loading server config profiles for channel xaeroworldmap:main!
[28Sep2026 11:40:49.100] [modloading-worker-0/INFO] [xaero.map.WorldMap/]: Loading primary client config for channel xaeroworldmap:main!
[28Sep2026 11:40:49.102] [modloading-worker-0/INFO] [xaero.map.WorldMap/]: Loading client config profiles for channel xaeroworldmap:main!
[28Sep2026 11:40:49.522] [Render thread/INFO] [net.neoforged.neoforge.gametest.GameTestHooks/]: Enabled Gametest Namespaces: [owies_airport_pack_neoforge]
[28Sep2026 11:40:49.633] [Render thread/INFO] [net.minecraft.server.packs.resources.ReloadableResourceManager/]: Reloading ResourceManager: vanilla, mod_resources, mod/xaerolib, mod/worldedit, mod/xaerominimap, mod/owies_airport_pack_neoforge, mod/xaeroworldmap, mod/neoforge
[28Sep2026 11:40:49.641] [Worker-Main-1/INFO] [xaero.lib.XaeroLib/]: Loading XaeroLib common 1/2!
[28Sep2026 11:40:49.641] [Worker-Main-4/INFO] [owiegamer.owies_airport_pack_neoforge.OwiesAirportPackNeoforge/]: HELLO FROM COMMON SETUP
[28Sep2026 11:40:49.763] [Worker-Main-8/INFO] [net.minecraft.client.gui.font.providers.UnihexProvider/]: Found unifont_all_no_pua-15.1.05.hex, loading
[28Sep2026 11:40:49.814] [Worker-Main-7/INFO] [net.minecraft.client.gui.font.providers.UnihexProvider/]: Found unifont_jp_patch-15.1.05.hex, loading
[28Sep2026 11:40:50.536] [Worker-Main-2/INFO] [com.sk89q.worldedit.extension.platform.PlatformManager/]: Got request to register class com.sk89q.worldedit.neoforge.NeoForgePlatform with WorldEdit [com.sk89q.worldedit.extension.platform.PlatformManager@1d607b4e]
[28Sep2026 11:40:50.537] [Worker-Main-2/INFO] [com.sk89q.worldedit.neoforge.NeoForgeWorldEdit/]: WorldEdit for NeoForge (version 7.3.8+6939-7d32b45) is loaded
[28Sep2026 11:40:50.548] [Worker-Main-2/INFO] [xaero.minimap.XaeroMinimap/]: Loading Xaero's Minimap - Stage 1/2
[28Sep2026 11:40:50.548] [Worker-Main-9/INFO] [xaero.map.WorldMap/]: Loading Xaero's World Map - Stage 1/2
[28Sep2026 11:40:50.549] [Worker-Main-7/INFO] [xaero.lib.XaeroLib/]: Loading XaeroLib client 1/2!
[28Sep2026 11:40:52.188] [Render thread/INFO] [xaero.map.WorldMap/]: Loading Xaero's World Map - Stage 2/2
[28Sep2026 11:40:52.189] [Render thread/INFO] [xaero.map.WorldMap/]: New world map region cache hash code: 1171295405
[28Sep2026 11:40:53.228] [Render thread/INFO] [xaero.map.WorldMap/]: Registered player tracker system: map_synced
[28Sep2026 11:40:53.229] [Render thread/INFO] [xaero.map.WorldMap/]: Xaero's WorldMap Mod: Xaero's minimap found!
[28Sep2026 11:40:53.231] [Render thread/INFO] [xaero.map.WorldMap/]: Registered player tracker system: minimap_synced
[28Sep2026 11:40:53.232] [Render thread/INFO] [xaero.map.WorldMap/]: No Optifine!
[28Sep2026 11:40:53.232] [Render thread/INFO] [xaero.map.WorldMap/]: Xaero's World Map: No Vivecraft!
[28Sep2026 11:40:53.247] [Render thread/WARN] [net.neoforged.fml.DeferredWorkQueue/LOADING]: Mod 'xaeroworldmap' took 1.060 s to run a deferred task.
[28Sep2026 11:40:53.248] [Render thread/INFO] [xaero.minimap.XaeroMinimap/]: Loading Xaero's Minimap - Stage 2/2
[28Sep2026 11:40:54.161] [Render thread/INFO] [xaero.hud.minimap.MinimapLogs/]: Registered player tracker system: minimap_synced
[28Sep2026 11:40:54.162] [Render thread/INFO] [xaero.lib.XaeroLib/]: Loading XaeroLib common 2/2!
[28Sep2026 11:40:54.162] [Render thread/INFO] [xaero.lib.XaeroLib/]: Loading XaeroLib client 2/2!
[28Sep2026 11:40:54.288] [Render thread/WARN] [net.minecraft.client.sounds.SoundEngine/]: Missing sound for event: minecraft:item.goat_horn.play
[28Sep2026 11:40:54.288] [Render thread/WARN] [net.minecraft.client.sounds.SoundEngine/]: Missing sound for event: minecraft:entity.goat.screaming.horn_break
[28Sep2026 11:40:54.311] [Render thread/INFO] [com.mojang.blaze3d.audio.Library/]: OpenAL initialized on device OpenAL Soft on Speakers (Steam Streaming Speakers)
[28Sep2026 11:40:54.311] [Render thread/INFO] [net.minecraft.client.sounds.SoundEngine/SOUNDS]: Sound engine started
[28Sep2026 11:40:54.390] [Render thread/INFO] [net.minecraft.client.renderer.texture.TextureAtlas/]: Created: 1024x512x4 minecraft:textures/atlas/blocks.png-atlas
[28Sep2026 11:40:54.397] [Render thread/INFO] [net.minecraft.client.renderer.texture.TextureAtlas/]: Created: 256x256x4 minecraft:textures/atlas/signs.png-atlas
[28Sep2026 11:40:54.397] [Render thread/INFO] [net.minecraft.client.renderer.texture.TextureAtlas/]: Created: 512x512x4 minecraft:textures/atlas/shield_patterns.png-atlas
[28Sep2026 11:40:54.397] [Render thread/INFO] [net.minecraft.client.renderer.texture.TextureAtlas/]: Created: 512x512x4 minecraft:textures/atlas/banner_patterns.png-atlas
[28Sep2026 11:40:54.397] [Render thread/INFO] [net.minecraft.client.renderer.texture.TextureAtlas/]: Created: 1024x1024x4 minecraft:textures/atlas/armor_trims.png-atlas
[28Sep2026 11:40:54.401] [Render thread/INFO] [net.minecraft.client.renderer.texture.TextureAtlas/]: Created: 128x64x4 minecraft:textures/atlas/decorated_pot.png-atlas
[28Sep2026 11:40:54.402] [Render thread/INFO] [net.minecraft.client.renderer.texture.TextureAtlas/]: Created: 256x256x4 minecraft:textures/atlas/chest.png-atlas
[28Sep2026 11:40:54.402] [Render thread/INFO] [net.minecraft.client.renderer.texture.TextureAtlas/]: Created: 512x256x4 minecraft:textures/atlas/beds.png-atlas
[28Sep2026 11:40:54.402] [Render thread/INFO] [net.minecraft.client.renderer.texture.TextureAtlas/]: Created: 512x256x4 minecraft:textures/atlas/shulker_boxes.png-atlas
[28Sep2026 11:40:54.547] [Render thread/INFO] [net.minecraft.client.renderer.texture.TextureAtlas/]: Created: 512x256x0 minecraft:textures/atlas/particles.png-atlas
[28Sep2026 11:40:54.547] [Render thread/INFO] [net.minecraft.client.renderer.texture.TextureAtlas/]: Created: 512x256x0 minecraft:textures/atlas/paintings.png-atlas
[28Sep2026 11:40:54.549] [Render thread/INFO] [net.minecraft.client.renderer.texture.TextureAtlas/]: Created: 256x128x0 minecraft:textures/atlas/mob_effects.png-atlas
[28Sep2026 11:40:54.549] [Render thread/INFO] [net.minecraft.client.renderer.texture.TextureAtlas/]: Created: 64x64x0 minecraft:textures/atlas/map_decorations.png-atlas
[28Sep2026 11:40:54.549] [Render thread/INFO] [net.minecraft.client.renderer.texture.TextureAtlas/]: Created: 1024x512x0 minecraft:textures/atlas/gui.png-atlas
[28Sep2026 11:40:54.571] [Render thread/WARN] [net.minecraft.client.renderer.ShaderInstance/]: Shader rendertype_entity_translucent_emissive could not find sampler named Sampler2 in the specified shader program.
[28Sep2026 11:40:54.630] [Render thread/INFO] [xaero.lib.XaeroLib/]: Successfully reloaded the XaeroLib shaders!
[28Sep2026 11:40:54.633] [Render thread/INFO] [net.neoforged.neoforge.client.entity.animation.json.AnimationLoader/]: Loaded 0 entity animations
[28Sep2026 11:41:01.336] [Worker-Main-7/INFO] [com.sk89q.worldedit.extension.platform.PlatformCommandManager/]: Registering commands with com.sk89q.worldedit.neoforge.NeoForgePlatform
[28Sep2026 11:41:01.465] [Render thread/INFO] [net.minecraft.world.item.crafting.RecipeManager/]: Loaded 1299 recipes
[28Sep2026 11:41:01.571] [Render thread/INFO] [net.minecraft.advancements.AdvancementTree/]: Loaded 1408 advancements
[28Sep2026 11:41:01.877] [Server thread/INFO] [net.minecraft.client.server.IntegratedServer/]: Starting integrated minecraft server version 1.21.1
[28Sep2026 11:41:01.877] [Server thread/INFO] [net.minecraft.server.MinecraftServer/]: Generating keypair
[28Sep2026 11:41:02.028] [Server thread/INFO] [net.minecraft.server.MinecraftServer/]: Preparing start region for dimension minecraft:overworld
[28Sep2026 11:41:02.174] [progressListener/INFO] [net.minecraft.server.level.progress.LoggerChunkProgressListener/]: Preparing spawn area: 0%
[28Sep2026 11:41:02.233] [progressListener/INFO] [net.minecraft.server.level.progress.LoggerChunkProgressListener/]: Time elapsed: 186 ms
[28Sep2026 11:41:02.234] [Server thread/INFO] [net.neoforged.neoforge.server.permission.PermissionAPI/]: Successfully initialized permission handler neoforge:default_handler
[28Sep2026 11:41:02.234] [Server thread/INFO] [owiegamer.owies_airport_pack_neoforge.OwiesAirportPackNeoforge/]: HELLO from server starting
[28Sep2026 11:41:02.867] [Server thread/INFO] [net.minecraft.client.server.IntegratedServer/]: Changing view distance to 12, from 10
[28Sep2026 11:41:02.867] [Server thread/INFO] [net.minecraft.client.server.IntegratedServer/]: Changing simulation distance to 12, from 0
[28Sep2026 11:41:03.366] [Server thread/INFO] [net.minecraft.server.players.PlayerList/]: Dev[local:E:c6eef4aa] logged in with entity id 5 at (12.87042114960624, -60.0, 20.848216550262254)
[28Sep2026 11:41:03.454] [Server thread/INFO] [net.minecraft.server.MinecraftServer/]: Dev joined the game
[28Sep2026 11:41:03.484] [Render thread/INFO] [xaero.hud.minimap.MinimapLogs/]: Minimap required item set to nothing.
[28Sep2026 11:41:03.484] [Render thread/INFO] [xaero.hud.minimap.MinimapLogs/]: New Xaero hud session initialized!
[28Sep2026 11:41:03.553] [Render thread/INFO] [xaero.map.WorldMap/]: Fullscreen map required item set to nothing.
[28Sep2026 11:41:03.574] [Render thread/INFO] [xaero.map.WorldMap/]: New world map session initialized!
[28Sep2026 11:41:03.782] [Render thread/INFO] [xaero.hud.minimap.MinimapLogs/]: Minimap updated server level id: 1856199015 for world ResourceKey[minecraft:dimension / minecraft:overworld]
[28Sep2026 11:41:03.786] [Render thread/INFO] [net.minecraft.advancements.AdvancementTree/]: Loaded 2 advancements
[28Sep2026 11:41:04.029] [Render thread/INFO] [xaero.hud.minimap.MinimapLogs/]: Reloading radar icon resources...
[28Sep2026 11:41:04.072] [Render thread/INFO] [xaero.hud.minimap.MinimapLogs/]: Reloaded radar icon resources!
[28Sep2026 11:41:23.582] [Server thread/INFO] [net.minecraft.client.server.IntegratedServer/]: Saving and pausing game...
[28Sep2026 11:41:23.591] [Server thread/INFO] [net.minecraft.server.MinecraftServer/]: Saving chunks for level 'ServerLevel[New World]'/minecraft:overworld
[28Sep2026 11:41:23.595] [Server thread/INFO] [net.minecraft.server.MinecraftServer/]: Saving chunks for level 'ServerLevel[New World]'/minecraft:the_end
[28Sep2026 11:41:23.595] [Server thread/INFO] [net.minecraft.server.MinecraftServer/]: Saving chunks for level 'ServerLevel[New World]'/minecraft:the_nether
[28Sep2026 11:41:26.268] [Server thread/INFO] [owiegamer.owies_airport_pack_neoforge.item.custom.LineBrushItem/]: Was Paint Bucket
[28Sep2026 11:41:30.131] [Server thread/INFO] [net.minecraft.client.server.IntegratedServer/]: Saving and pausing game...
[28Sep2026 11:41:30.137] [Server thread/INFO] [net.minecraft.server.MinecraftServer/]: Saving chunks for level 'ServerLevel[New World]'/minecraft:overworld
[28Sep2026 11:41:30.138] [Server thread/INFO] [net.minecraft.server.MinecraftServer/]: Saving chunks for level 'ServerLevel[New World]'/minecraft:the_end
[28Sep2026 11:41:30.138] [Server thread/INFO] [net.minecraft.server.MinecraftServer/]: Saving chunks for level 'ServerLevel[New World]'/minecraft:the_nether
[28Sep2026 11:42:21.581] [Server thread/INFO] [net.minecraft.client.server.IntegratedServer/]: Saving and pausing game...
[28Sep2026 11:42:21.588] [Server thread/INFO] [net.minecraft.server.MinecraftServer/]: Saving chunks for level 'ServerLevel[New World]'/minecraft:overworld
[28Sep2026 11:42:21.589] [Server thread/INFO] [net.minecraft.server.MinecraftServer/]: Saving chunks for level 'ServerLevel[New World]'/minecraft:the_end
[28Sep2026 11:42:21.589] [Server thread/INFO] [net.minecraft.server.MinecraftServer/]: Saving chunks for level 'ServerLevel[New World]'/minecraft:the_nether
[28Sep2026 11:43:53.684] [Render thread/INFO] [net.minecraft.client.Minecraft/]: Stopping!
[28Sep2026 11:43:53.686] [Render thread/INFO] [xaero.hud.minimap.MinimapLogs/]: Xaero hud session finalized.
[28Sep2026 11:43:53.686] [Render thread/INFO] [xaero.map.WorldMap/]: Finalizing world map session...
[28Sep2026 11:43:53.727] [Thread-6/INFO] [xaero.map.WorldMap/]: World map cleaned normally!
[28Sep2026 11:43:53.733] [Server thread/INFO] [net.minecraft.server.network.ServerGamePacketListenerImpl/]: Dev lost connection: Disconnected
[28Sep2026 11:43:53.733] [Server thread/INFO] [net.minecraft.server.MinecraftServer/]: Dev left the game
[28Sep2026 11:43:53.739] [Server thread/INFO] [net.minecraft.server.network.ServerCommonPacketListenerImpl/]: Stopping singleplayer server as player logged out
[28Sep2026 11:43:53.785] [Server thread/INFO] [net.minecraft.server.MinecraftServer/]: Stopping server
[28Sep2026 11:43:53.785] [Server thread/INFO] [net.minecraft.server.MinecraftServer/]: Saving players
[28Sep2026 11:43:53.785] [Server thread/INFO] [net.minecraft.server.MinecraftServer/]: Saving worlds
[28Sep2026 11:43:53.788] [Render thread/INFO] [xaero.map.WorldMap/]: World map session finalized.
[28Sep2026 11:43:53.909] [Server thread/INFO] [net.minecraft.server.MinecraftServer/]: Saving chunks for level 'ServerLevel[New World]'/minecraft:overworld
[28Sep2026 11:43:54.024] [Server thread/INFO] [net.minecraft.server.MinecraftServer/]: Saving chunks for level 'ServerLevel[New World]'/minecraft:the_end
[28Sep2026 11:43:54.028] [Server thread/INFO] [net.minecraft.server.MinecraftServer/]: Saving chunks for level 'ServerLevel[New World]'/minecraft:the_nether
[28Sep2026 11:43:54.035] [Server thread/INFO] [net.minecraft.server.MinecraftServer/]: ThreadedAnvilChunkStorage (New World (1)): All chunks are saved
[28Sep2026 11:43:54.035] [Server thread/INFO] [net.minecraft.server.MinecraftServer/]: ThreadedAnvilChunkStorage (DIM1): All chunks are saved
[28Sep2026 11:43:54.035] [Server thread/INFO] [net.minecraft.server.MinecraftServer/]: ThreadedAnvilChunkStorage (DIM-1): All chunks are saved
[28Sep2026 11:43:54.035] [Server thread/INFO] [net.minecraft.server.MinecraftServer/]: ThreadedAnvilChunkStorage: All dimensions are saved
